python : .F.
At line:1 char:26
+ ... NPATH = "src"; python 
tests/test_classifier.py > 
test_output.txt 2>&1
+                    ~~~~~~~~
~~~~~~~~~~~~~~~~~~~~~~~~~~~~~
~~~~~~~~~~~~~~~~~
    + CategoryInfo           
   : NotSpecified: (.F.:Str  
  ing) [], RemoteException
    + FullyQualifiedErrorId  
   : NativeCommandError
 
=============================
=============================
============
FAIL: test_extract_content_si
gnals_sec (__main__.TestConte
ntSignals.test_extract_conten
t_signals_sec)
-----------------------------
-----------------------------
------------
Traceback (most recent call 
last):
  File "C:\Users\debar\.gemin
i\antigravity\scratch\financi
al_rag_system\tests\test_clas
sifier.py", line 98, in test_
extract_content_signals_sec
    self.assertEqual(scores["
SEC_Filing"], 12)
    ~~~~~~~~~~~~~~~~^^^^^^^^^
^^^^^^^^^^^^^^^^^
AssertionError: 9 != 12

-----------------------------
-----------------------------
------------
Ran 3 tests in 0.001s

FAILED (failures=1)
